// Jest Snapshot v1, https://goo.gl/fbAQLP

exports[`<PhotoList /> renders correctly 1`] = `
<View>
  <View
    accessible={true}
    isTVSelectable={true}
    onResponderGrant={[Function]}
    onResponderMove={[Function]}
    onResponderRelease={[Function]}
    onResponderTerminate={[Function]}
    onResponderTerminationRequest={[Function]}
    onStartShouldSetResponder={[Function]}
    style={
      Object {
        "opacity": 1,
      }
    }
  >
    <Text
      style={
        Object {
          "fontWeight": "bold",
          "textAlign": "center",
        }
      }
    >
      Image 1
    </Text>
    <Image
      source={
        Object {
          "uri": "https://cdn-images-1.medium.com/max/1500/1*dIocy2HvI_BIpziOypf8ig.jpeg",
        }
      }
      style={
        Object {
          "height": 100,
          "width": 200,
        }
      }
    />
  </View>
  <View
    accessible={true}
    isTVSelectable={true}
    onResponderGrant={[Function]}
    onResponderMove={[Function]}
    onResponderRelease={[Function]}
    onResponderTerminate={[Function]}
    onResponderTerminationRequest={[Function]}
    onStartShouldSetResponder={[Function]}
    style={
      Object {
        "opacity": 1,
      }
    }
  >
    <Text
      style={
        Object {
          "fontWeight": "bold",
          "textAlign": "center",
        }
      }
    >
      Image 2
    </Text>
    <Image
      source={
        Object {
          "uri": "https://cdn-images-1.medium.com/max/1500/1*dIocy2HvI_BIpziOypf8ig.jpeg",
        }
      }
      style={
        Object {
          "height": 100,
          "width": 200,
        }
      }
    />
  </View>
  <View
    accessible={true}
    isTVSelectable={true}
    onResponderGrant={[Function]}
    onResponderMove={[Function]}
    onResponderRelease={[Function]}
    onResponderTerminate={[Function]}
    onResponderTerminationRequest={[Function]}
    onStartShouldSetResponder={[Function]}
    style={
      Object {
        "opacity": 1,
      }
    }
  >
    <Text
      style={
        Object {
          "fontWeight": "bold",
          "textAlign": "center",
        }
      }
    >
      Image 3
    </Text>
    <Image
      source={
        Object {
          "uri": "https://cdn-images-1.medium.com/max/1500/1*dIocy2HvI_BIpziOypf8ig.jpeg",
        }
      }
      style={
        Object {
          "height": 100,
          "width": 200,
        }
      }
    />
  </View>
</View>
`;
